// Jest Snapshot v1, https://goo.gl/fbAQLP

exports[`Render 1`] = `
<div
  className="makeStyles-root-2"
>
  <div
    className="MuiContainer-root makeStyles-rootContainer-3 MuiContainer-maxWidthLg"
  >
    <div
      className="MuiGrid-root makeStyles-rootContainer-3 MuiGrid-container MuiGrid-direction-xs-column MuiGrid-align-items-xs-center MuiGrid-justify-xs-center"
    >
      <div
        className="MuiGrid-root MuiGrid-container MuiGrid-spacing-xs-4 MuiGrid-direction-xs-column MuiGrid-align-items-xs-center MuiGrid-justify-xs-space-evenly"
      >
        <div
          className="MuiGrid-root MuiGrid-container MuiGrid-item MuiGrid-direction-xs-column MuiGrid-justify-xs-center MuiGrid-grid-xs-9 MuiGrid-grid-md-4"
        >
          <div>
            <img
              alt="Unifed"
              className="makeStyles-logo-4"
              src="unifed.svg"
            />
            <div
              className="makeStyles-logoText-5"
            >
              Unifed
            </div>
          </div>
        </div>
        <div
          className="MuiGrid-root MuiGrid-container MuiGrid-item MuiGrid-direction-xs-column MuiGrid-justify-xs-center MuiGrid-grid-xs-12 MuiGrid-grid-md-8"
        >
          <h2
            className="MuiTypography-root MuiTypography-h2"
          >
            Privacy Notice
          </h2>
          <p
            className="MuiTypography-root MuiTypography-body1"
          >
            <strong>
              Last Modified:
            </strong>
             16th February 2021
          </p>
          <h4
            className="MuiTypography-root MuiTypography-h4"
          >
            Our contact details
          </h4>
          <p
            className="MuiTypography-root MuiTypography-body1"
          >
            <ul>
              <li>
                <strong>
                  Name:
                </strong>
                 Unifed
              </li>
              <li>
                <strong>
                  Address:
                </strong>
                 —
              </li>
              <li>
                <strong>
                  Phone Number:
                </strong>
                 —
              </li>
              <li>
                <strong>
                  Email:
                </strong>
                 
                <a
                  className="MuiTypography-root MuiLink-root makeStyles-root-1 MuiLink-underlineHover MuiTypography-colorPrimary"
                  href="mailto:cs3099.a3.unifed@gmail.com"
                  onBlur={[Function]}
                  onFocus={[Function]}
                >
                  cs3099.a3.unifed@gmail.com
                </a>
              </li>
            </ul>
          </p>
          <h4
            className="MuiTypography-root MuiTypography-h4"
          >
            The type of personal information we collect
          </h4>
          <p
            className="MuiTypography-root MuiTypography-body1"
          >
            We currently collect and process the following information:
            <ul>
              <li>
                Personal identifiers, contacts and characteristics (for example, your name and contact details).
              </li>
              <li>
                Online identifiers (for example, your IP address).
              </li>
              <li>
                Content that you create or upload, such as posts.
              </li>
            </ul>
          </p>
          <h4
            className="MuiTypography-root MuiTypography-h4"
          >
            How we get the personal information and why we have it
          </h4>
          <p
            className="MuiTypography-root MuiTypography-body1"
          >
            Most of the personal information we process is provided to us directly by you for one of the following reasons:
            <ul>
              <li>
                To sign-up to the website.
              </li>
              <li>
                To create and upload content.
              </li>
            </ul>
            We also receive personal information indirectly, from the following sources in the following scenarios:
            <ul>
              <li>
                Your IP address, which is sent to us whilst you access the website.
              </li>
            </ul>
            We use the information that you have given us in order to:
            <ul>
              <li>
                Provide you with access to the website.
              </li>
              <li>
                Allow you to create content on and upload content to the website.
              </li>
              <li>
                Protect other users on the website.
              </li>
            </ul>
            Under the General Data Protection Regulation (GDPR), the lawful basis we rely on for processing this information is your consent. You are able to remove your consent at any time. You can do this by contacting us using the details at the top of this notice.
          </p>
          <h4
            className="MuiTypography-root MuiTypography-h4"
          >
            How we store your personal information
          </h4>
          <p
            className="MuiTypography-root MuiTypography-body1"
          >
            Your information is securely stored in the United Kingdom. Your personal information is stored whilst you have an account on the website. If you delete your account, we will erase your personal data.
          </p>
          <h4
            className="MuiTypography-root MuiTypography-h4"
          >
            How we process your personal information
          </h4>
          <p
            className="MuiTypography-root MuiTypography-body1"
          >
            Personal identifiers, contacts, characteristics (for example, your name and contact details) and your IP address are always kept private. Your username and any posts you make are publicly available. Publicly available content may be saved and downloaded by third parties outside of our control.
          </p>
          <h4
            className="MuiTypography-root MuiTypography-h4"
          >
            Your data protection rights
          </h4>
          <p
            className="MuiTypography-root MuiTypography-body1"
          >
            Under data protection law, you have rights including:
            <ul>
              <li>
                <strong>
                  Your right of access
                </strong>
                 — You have the right to ask us for copies of your personal information.
              </li>
              <li>
                <strong>
                  Your right to rectification
                </strong>
                 — You have the right to ask us to rectify personal information you think is inaccurate. You also have the right to ask us to complete information you think is incomplete.
              </li>
              <li>
                <strong>
                  Your right to erasure
                </strong>
                 — You have the right to ask us to erase your personal information in certain circumstances.
              </li>
              <li>
                <strong>
                  Your right to restriction of processing
                </strong>
                 — You have the right to ask us to restrict the processing of your personal information in certain circumstances.
              </li>
              <li>
                <strong>
                  Your right to object to processing
                </strong>
                 — You have the the right to object to the processing of your personal information in certain circumstances.
              </li>
              <li>
                <strong>
                  Your right to data portability
                </strong>
                 — You have the right to ask that we transfer the personal information you gave us to another organisation, or to you, in certain circumstances.
              </li>
            </ul>
            You are not required to pay any charge for exercising your rights. If you make a request, we have one month to respond to you. Please contact us using the contact details at the top of this notice if you wish to make a request.
          </p>
          <h4
            className="MuiTypography-root MuiTypography-h4"
          >
            How to complain
          </h4>
          <p
            className="MuiTypography-root MuiTypography-body1"
          >
            If you have any concerns about our use of your personal information, you can make a complaint to us using the contact details at the top of this notice. You can also complain to the ICO if you are unhappy with how we have used your data. The ICO's: 
            <br />
            <strong>
              Address:
            </strong>
            <br />
             Information Commissioner's Office
            <br />
             Wycliffe House
            <br />
             Water Lane
            <br />
             Wilmslow
            <br />
             Cheshire
            <br />
             SK9 5AF
            <br />
            <strong>
              Helpline number:
            </strong>
             0303 123 1113 
            <br />
            <strong>
              Website:
            </strong>
             
            <a
              className="MuiTypography-root MuiLink-root makeStyles-root-1 MuiLink-underlineHover MuiTypography-colorPrimary"
              href="https://www.ico.org.uk"
              onBlur={[Function]}
              onFocus={[Function]}
              target="blank"
            >
              https://www.ico.org.uk
            </a>
          </p>
        </div>
      </div>
    </div>
  </div>
</div>
`;
