// Jest Snapshot v1, https://goo.gl/fbAQLP

exports[`Render 1`] = `
<div>
  <h1 />
  <button>
    close me
  </button>
</div>
`;
